L3 QUALITY WARNINGS (non-blocking):
- rv01-risc-v-instruction-encoding-fields.tsx: 16 non-comment code lines (<180 quality warning). Check this topic's key visual processes; add missing implementation, or proceed to rendering and video review if complete. Do not pad with blank lines, comments, or duplicate code.
- rv02-register-file-read-and-write-ports.tsx: 16 non-comment code lines (<180 quality warning). Check this topic's key visual processes; add missing implementation, or proceed to rendering and video review if complete. Do not pad with blank lines, comments, or duplicate code.
- rv03-immediate-generation-from-instruction-bits.tsx: 17 non-comment code lines (<180 quality warning). Check this topic's key visual processes; add missing implementation, or proceed to rendering and video review if complete. Do not pad with blank lines, comments, or duplicate code.
- rv04-alu-control-from-opcode-and-function-bits.tsx: 15 non-comment code lines (<180 quality warning). Check this topic's key visual processes; add missing implementation, or proceed to rendering and video review if complete. Do not pad with blank lines, comments, or duplicate code.
- rv05-single-cycle-datapath-instruction-flow.tsx: 17 non-comment code lines (<180 quality warning). Check this topic's key visual processes; add missing implementation, or proceed to rendering and video review if complete. Do not pad with blank lines, comments, or duplicate code.
- rv06-program-counter-update-for-branches.tsx: 40 non-comment code lines (<180 quality warning). Check this topic's key visual processes; add missing implementation, or proceed to rendering and video review if complete. Do not pad with blank lines, comments, or duplicate code.
- rv07-load-and-store-address-calculation.tsx: 35 non-comment code lines (<180 quality warning). Check this topic's key visual processes; add missing implementation, or proceed to rendering and video review if complete. Do not pad with blank lines, comments, or duplicate code.
- rv08-pipeline-register-data-transfer.tsx: 36 non-comment code lines (<180 quality warning). Check this topic's key visual processes; add missing implementation, or proceed to rendering and video review if complete. Do not pad with blank lines, comments, or duplicate code.
- rv09-data-hazard-forwarding-paths.tsx: 33 non-comment code lines (<180 quality warning). Check this topic's key visual processes; add missing implementation, or proceed to rendering and video review if complete. Do not pad with blank lines, comments, or duplicate code.
- rv10-load-use-pipeline-stall.tsx: 36 non-comment code lines (<180 quality warning). Check this topic's key visual processes; add missing implementation, or proceed to rendering and video review if complete. Do not pad with blank lines, comments, or duplicate code.
- rv11-branch-prediction-and-misprediction-flush.tsx: 33 non-comment code lines (<180 quality warning). Check this topic's key visual processes; add missing implementation, or proceed to rendering and video review if complete. Do not pad with blank lines, comments, or duplicate code.
- rv12-precise-trap-entry-and-return.tsx: 33 non-comment code lines (<180 quality warning). Check this topic's key visual processes; add missing implementation, or proceed to rendering and video review if complete. Do not pad with blank lines, comments, or duplicate code.
- rv13-privilege-mode-transition.tsx: 29 non-comment code lines (<180 quality warning). Check this topic's key visual processes; add missing implementation, or proceed to rendering and video review if complete. Do not pad with blank lines, comments, or duplicate code.
- rv14-sv39-virtual-address-translation.tsx: 30 non-comment code lines (<180 quality warning). Check this topic's key visual processes; add missing implementation, or proceed to rendering and video review if complete. Do not pad with blank lines, comments, or duplicate code.
- rv15-memory-mapped-i-o-access.tsx: 31 non-comment code lines (<180 quality warning). Check this topic's key visual processes; add missing implementation, or proceed to rendering and video review if complete. Do not pad with blank lines, comments, or duplicate code.
L3 DISTINCTNESS GATE: PASS (15 videos)
L3 QUALITY WARNINGS (non-blocking):
- rv01-risc-v-instruction-encoding-fields.tsx: 16 non-comment code lines (<180 quality warning). Check this topic's key visual processes; add missing implementation, or proceed to rendering and video review if complete. Do not pad with blank lines, comments, or duplicate code.
- rv02-register-file-read-and-write-ports.tsx: 16 non-comment code lines (<180 quality warning). Check this topic's key visual processes; add missing implementation, or proceed to rendering and video review if complete. Do not pad with blank lines, comments, or duplicate code.
- rv03-immediate-generation-from-instruction-bits.tsx: 17 non-comment code lines (<180 quality warning). Check this topic's key visual processes; add missing implementation, or proceed to rendering and video review if complete. Do not pad with blank lines, comments, or duplicate code.
- rv04-alu-control-from-opcode-and-function-bits.tsx: 15 non-comment code lines (<180 quality warning). Check this topic's key visual processes; add missing implementation, or proceed to rendering and video review if complete. Do not pad with blank lines, comments, or duplicate code.
- rv05-single-cycle-datapath-instruction-flow.tsx: 17 non-comment code lines (<180 quality warning). Check this topic's key visual processes; add missing implementation, or proceed to rendering and video review if complete. Do not pad with blank lines, comments, or duplicate code.
- rv06-program-counter-update-for-branches.tsx: 40 non-comment code lines (<180 quality warning). Check this topic's key visual processes; add missing implementation, or proceed to rendering and video review if complete. Do not pad with blank lines, comments, or duplicate code.
- rv07-load-and-store-address-calculation.tsx: 35 non-comment code lines (<180 quality warning). Check this topic's key visual processes; add missing implementation, or proceed to rendering and video review if complete. Do not pad with blank lines, comments, or duplicate code.
- rv08-pipeline-register-data-transfer.tsx: 36 non-comment code lines (<180 quality warning). Check this topic's key visual processes; add missing implementation, or proceed to rendering and video review if complete. Do not pad with blank lines, comments, or duplicate code.
- rv09-data-hazard-forwarding-paths.tsx: 33 non-comment code lines (<180 quality warning). Check this topic's key visual processes; add missing implementation, or proceed to rendering and video review if complete. Do not pad with blank lines, comments, or duplicate code.
- rv10-load-use-pipeline-stall.tsx: 36 non-comment code lines (<180 quality warning). Check this topic's key visual processes; add missing implementation, or proceed to rendering and video review if complete. Do not pad with blank lines, comments, or duplicate code.
- rv11-branch-prediction-and-misprediction-flush.tsx: 33 non-comment code lines (<180 quality warning). Check this topic's key visual processes; add missing implementation, or proceed to rendering and video review if complete. Do not pad with blank lines, comments, or duplicate code.
- rv12-precise-trap-entry-and-return.tsx: 33 non-comment code lines (<180 quality warning). Check this topic's key visual processes; add missing implementation, or proceed to rendering and video review if complete. Do not pad with blank lines, comments, or duplicate code.
- rv13-privilege-mode-transition.tsx: 29 non-comment code lines (<180 quality warning). Check this topic's key visual processes; add missing implementation, or proceed to rendering and video review if complete. Do not pad with blank lines, comments, or duplicate code.
- rv14-sv39-virtual-address-translation.tsx: 30 non-comment code lines (<180 quality warning). Check this topic's key visual processes; add missing implementation, or proceed to rendering and video review if complete. Do not pad with blank lines, comments, or duplicate code.
- rv15-memory-mapped-i-o-access.tsx: 31 non-comment code lines (<180 quality warning). Check this topic's key visual processes; add missing implementation, or proceed to rendering and video review if complete. Do not pad with blank lines, comments, or duplicate code.
L3 DISTINCTNESS GATE: PASS (15 videos)
L3 QUALITY WARNINGS (non-blocking):
- rv01-risc-v-instruction-encoding-fields.tsx: 16 non-comment code lines (<180 quality warning). Check this topic's key visual processes; add missing implementation, or proceed to rendering and video review if complete. Do not pad with blank lines, comments, or duplicate code.
- rv02-register-file-read-and-write-ports.tsx: 16 non-comment code lines (<180 quality warning). Check this topic's key visual processes; add missing implementation, or proceed to rendering and video review if complete. Do not pad with blank lines, comments, or duplicate code.
- rv03-immediate-generation-from-instruction-bits.tsx: 17 non-comment code lines (<180 quality warning). Check this topic's key visual processes; add missing implementation, or proceed to rendering and video review if complete. Do not pad with blank lines, comments, or duplicate code.
- rv04-alu-control-from-opcode-and-function-bits.tsx: 15 non-comment code lines (<180 quality warning). Check this topic's key visual processes; add missing implementation, or proceed to rendering and video review if complete. Do not pad with blank lines, comments, or duplicate code.
- rv05-single-cycle-datapath-instruction-flow.tsx: 17 non-comment code lines (<180 quality warning). Check this topic's key visual processes; add missing implementation, or proceed to rendering and video review if complete. Do not pad with blank lines, comments, or duplicate code.
- rv06-program-counter-update-for-branches.tsx: 40 non-comment code lines (<180 quality warning). Check this topic's key visual processes; add missing implementation, or proceed to rendering and video review if complete. Do not pad with blank lines, comments, or duplicate code.
- rv07-load-and-store-address-calculation.tsx: 35 non-comment code lines (<180 quality warning). Check this topic's key visual processes; add missing implementation, or proceed to rendering and video review if complete. Do not pad with blank lines, comments, or duplicate code.
- rv08-pipeline-register-data-transfer.tsx: 36 non-comment code lines (<180 quality warning). Check this topic's key visual processes; add missing implementation, or proceed to rendering and video review if complete. Do not pad with blank lines, comments, or duplicate code.
- rv09-data-hazard-forwarding-paths.tsx: 33 non-comment code lines (<180 quality warning). Check this topic's key visual processes; add missing implementation, or proceed to rendering and video review if complete. Do not pad with blank lines, comments, or duplicate code.
- rv10-load-use-pipeline-stall.tsx: 36 non-comment code lines (<180 quality warning). Check this topic's key visual processes; add missing implementation, or proceed to rendering and video review if complete. Do not pad with blank lines, comments, or duplicate code.
- rv11-branch-prediction-and-misprediction-flush.tsx: 33 non-comment code lines (<180 quality warning). Check this topic's key visual processes; add missing implementation, or proceed to rendering and video review if complete. Do not pad with blank lines, comments, or duplicate code.
- rv12-precise-trap-entry-and-return.tsx: 33 non-comment code lines (<180 quality warning). Check this topic's key visual processes; add missing implementation, or proceed to rendering and video review if complete. Do not pad with blank lines, comments, or duplicate code.
- rv13-privilege-mode-transition.tsx: 29 non-comment code lines (<180 quality warning). Check this topic's key visual processes; add missing implementation, or proceed to rendering and video review if complete. Do not pad with blank lines, comments, or duplicate code.
- rv14-sv39-virtual-address-translation.tsx: 30 non-comment code lines (<180 quality warning). Check this topic's key visual processes; add missing implementation, or proceed to rendering and video review if complete. Do not pad with blank lines, comments, or duplicate code.
- rv15-memory-mapped-i-o-access.tsx: 31 non-comment code lines (<180 quality warning). Check this topic's key visual processes; add missing implementation, or proceed to rendering and video review if complete. Do not pad with blank lines, comments, or duplicate code.
L3 DISTINCTNESS GATE: PASS (15 videos)
L3 QUALITY WARNINGS (non-blocking):
- rv01-risc-v-instruction-encoding-fields.tsx: 16 non-comment code lines (<180 quality warning). Check this topic's key visual processes; add missing implementation, or proceed to rendering and video review if complete. Do not pad with blank lines, comments, or duplicate code.
- rv02-register-file-read-and-write-ports.tsx: 16 non-comment code lines (<180 quality warning). Check this topic's key visual processes; add missing implementation, or proceed to rendering and video review if complete. Do not pad with blank lines, comments, or duplicate code.
- rv03-immediate-generation-from-instruction-bits.tsx: 17 non-comment code lines (<180 quality warning). Check this topic's key visual processes; add missing implementation, or proceed to rendering and video review if complete. Do not pad with blank lines, comments, or duplicate code.
- rv04-alu-control-from-opcode-and-function-bits.tsx: 15 non-comment code lines (<180 quality warning). Check this topic's key visual processes; add missing implementation, or proceed to rendering and video review if complete. Do not pad with blank lines, comments, or duplicate code.
- rv05-single-cycle-datapath-instruction-flow.tsx: 17 non-comment code lines (<180 quality warning). Check this topic's key visual processes; add missing implementation, or proceed to rendering and video review if complete. Do not pad with blank lines, comments, or duplicate code.
- rv06-program-counter-update-for-branches.tsx: 40 non-comment code lines (<180 quality warning). Check this topic's key visual processes; add missing implementation, or proceed to rendering and video review if complete. Do not pad with blank lines, comments, or duplicate code.
- rv07-load-and-store-address-calculation.tsx: 35 non-comment code lines (<180 quality warning). Check this topic's key visual processes; add missing implementation, or proceed to rendering and video review if complete. Do not pad with blank lines, comments, or duplicate code.
- rv08-pipeline-register-data-transfer.tsx: 36 non-comment code lines (<180 quality warning). Check this topic's key visual processes; add missing implementation, or proceed to rendering and video review if complete. Do not pad with blank lines, comments, or duplicate code.
- rv09-data-hazard-forwarding-paths.tsx: 33 non-comment code lines (<180 quality warning). Check this topic's key visual processes; add missing implementation, or proceed to rendering and video review if complete. Do not pad with blank lines, comments, or duplicate code.
- rv10-load-use-pipeline-stall.tsx: 36 non-comment code lines (<180 quality warning). Check this topic's key visual processes; add missing implementation, or proceed to rendering and video review if complete. Do not pad with blank lines, comments, or duplicate code.
- rv11-branch-prediction-and-misprediction-flush.tsx: 33 non-comment code lines (<180 quality warning). Check this topic's key visual processes; add missing implementation, or proceed to rendering and video review if complete. Do not pad with blank lines, comments, or duplicate code.
- rv12-precise-trap-entry-and-return.tsx: 33 non-comment code lines (<180 quality warning). Check this topic's key visual processes; add missing implementation, or proceed to rendering and video review if complete. Do not pad with blank lines, comments, or duplicate code.
- rv13-privilege-mode-transition.tsx: 29 non-comment code lines (<180 quality warning). Check this topic's key visual processes; add missing implementation, or proceed to rendering and video review if complete. Do not pad with blank lines, comments, or duplicate code.
- rv14-sv39-virtual-address-translation.tsx: 30 non-comment code lines (<180 quality warning). Check this topic's key visual processes; add missing implementation, or proceed to rendering and video review if complete. Do not pad with blank lines, comments, or duplicate code.
- rv15-memory-mapped-i-o-access.tsx: 31 non-comment code lines (<180 quality warning). Check this topic's key visual processes; add missing implementation, or proceed to rendering and video review if complete. Do not pad with blank lines, comments, or duplicate code.
L3 DISTINCTNESS GATE: PASS (15 videos)
