L3 QUALITY WARNINGS (non-blocking):
- edge01-edge-inference-pipeline-from-sensor-to-result.tsx: 38 non-comment code lines (<180 quality warning). Check this topic's key visual processes; add missing implementation, or proceed to rendering and video review if complete. Do not pad with blank lines, comments, or duplicate code.
- edge02-quantization-from-float32-to-int8.tsx: 39 non-comment code lines (<180 quality warning). Check this topic's key visual processes; add missing implementation, or proceed to rendering and video review if complete. Do not pad with blank lines, comments, or duplicate code.
- edge03-calibration-dataset-for-post-training-quantization.tsx: 39 non-comment code lines (<180 quality warning). Check this topic's key visual processes; add missing implementation, or proceed to rendering and video review if complete. Do not pad with blank lines, comments, or duplicate code.
- edge04-per-channel-weight-quantization.tsx: 37 non-comment code lines (<180 quality warning). Check this topic's key visual processes; add missing implementation, or proceed to rendering and video review if complete. Do not pad with blank lines, comments, or duplicate code.
- edge05-quantized-multiply-and-accumulate.tsx: 42 non-comment code lines (<180 quality warning). Check this topic's key visual processes; add missing implementation, or proceed to rendering and video review if complete. Do not pad with blank lines, comments, or duplicate code.
- edge06-model-operator-compatibility-check.tsx: 35 non-comment code lines (<180 quality warning). Check this topic's key visual processes; add missing implementation, or proceed to rendering and video review if complete. Do not pad with blank lines, comments, or duplicate code.
- edge07-memory-arena-planning-for-tensor-lifetimes.tsx: 33 non-comment code lines (<180 quality warning). Check this topic's key visual processes; add missing implementation, or proceed to rendering and video review if complete. Do not pad with blank lines, comments, or duplicate code.
- edge08-flash-and-ram-model-footprint.tsx: 33 non-comment code lines (<180 quality warning). Check this topic's key visual processes; add missing implementation, or proceed to rendering and video review if complete. Do not pad with blank lines, comments, or duplicate code.
- edge09-structured-pruning-for-edge-deployment.tsx: 29 non-comment code lines (<180 quality warning). Check this topic's key visual processes; add missing implementation, or proceed to rendering and video review if complete. Do not pad with blank lines, comments, or duplicate code.
- edge10-knowledge-distillation-to-a-small-model.tsx: 32 non-comment code lines (<180 quality warning). Check this topic's key visual processes; add missing implementation, or proceed to rendering and video review if complete. Do not pad with blank lines, comments, or duplicate code.
- edge11-on-device-feature-extraction.tsx: 45 non-comment code lines (<180 quality warning). Check this topic's key visual processes; add missing implementation, or proceed to rendering and video review if complete. Do not pad with blank lines, comments, or duplicate code.
- edge12-streaming-inference-with-sliding-windows.tsx: 39 non-comment code lines (<180 quality warning). Check this topic's key visual processes; add missing implementation, or proceed to rendering and video review if complete. Do not pad with blank lines, comments, or duplicate code.
- edge13-hardware-delegate-operator-partitioning.tsx: 31 non-comment code lines (<180 quality warning). Check this topic's key visual processes; add missing implementation, or proceed to rendering and video review if complete. Do not pad with blank lines, comments, or duplicate code.
- edge14-latency-and-energy-measurement-on-device.tsx: 50 non-comment code lines (<180 quality warning). Check this topic's key visual processes; add missing implementation, or proceed to rendering and video review if complete. Do not pad with blank lines, comments, or duplicate code.
- edge15-confidence-threshold-for-edge-classification.tsx: 35 non-comment code lines (<180 quality warning). Check this topic's key visual processes; add missing implementation, or proceed to rendering and video review if complete. Do not pad with blank lines, comments, or duplicate code.
L3 DISTINCTNESS GATE: PASS (15 videos)
L3 QUALITY WARNINGS (non-blocking):
- edge01-edge-inference-pipeline-from-sensor-to-result.tsx: 38 non-comment code lines (<180 quality warning). Check this topic's key visual processes; add missing implementation, or proceed to rendering and video review if complete. Do not pad with blank lines, comments, or duplicate code.
- edge02-quantization-from-float32-to-int8.tsx: 39 non-comment code lines (<180 quality warning). Check this topic's key visual processes; add missing implementation, or proceed to rendering and video review if complete. Do not pad with blank lines, comments, or duplicate code.
- edge03-calibration-dataset-for-post-training-quantization.tsx: 39 non-comment code lines (<180 quality warning). Check this topic's key visual processes; add missing implementation, or proceed to rendering and video review if complete. Do not pad with blank lines, comments, or duplicate code.
- edge04-per-channel-weight-quantization.tsx: 37 non-comment code lines (<180 quality warning). Check this topic's key visual processes; add missing implementation, or proceed to rendering and video review if complete. Do not pad with blank lines, comments, or duplicate code.
- edge05-quantized-multiply-and-accumulate.tsx: 42 non-comment code lines (<180 quality warning). Check this topic's key visual processes; add missing implementation, or proceed to rendering and video review if complete. Do not pad with blank lines, comments, or duplicate code.
- edge06-model-operator-compatibility-check.tsx: 35 non-comment code lines (<180 quality warning). Check this topic's key visual processes; add missing implementation, or proceed to rendering and video review if complete. Do not pad with blank lines, comments, or duplicate code.
- edge07-memory-arena-planning-for-tensor-lifetimes.tsx: 33 non-comment code lines (<180 quality warning). Check this topic's key visual processes; add missing implementation, or proceed to rendering and video review if complete. Do not pad with blank lines, comments, or duplicate code.
- edge08-flash-and-ram-model-footprint.tsx: 33 non-comment code lines (<180 quality warning). Check this topic's key visual processes; add missing implementation, or proceed to rendering and video review if complete. Do not pad with blank lines, comments, or duplicate code.
- edge09-structured-pruning-for-edge-deployment.tsx: 29 non-comment code lines (<180 quality warning). Check this topic's key visual processes; add missing implementation, or proceed to rendering and video review if complete. Do not pad with blank lines, comments, or duplicate code.
- edge10-knowledge-distillation-to-a-small-model.tsx: 32 non-comment code lines (<180 quality warning). Check this topic's key visual processes; add missing implementation, or proceed to rendering and video review if complete. Do not pad with blank lines, comments, or duplicate code.
- edge11-on-device-feature-extraction.tsx: 45 non-comment code lines (<180 quality warning). Check this topic's key visual processes; add missing implementation, or proceed to rendering and video review if complete. Do not pad with blank lines, comments, or duplicate code.
- edge12-streaming-inference-with-sliding-windows.tsx: 39 non-comment code lines (<180 quality warning). Check this topic's key visual processes; add missing implementation, or proceed to rendering and video review if complete. Do not pad with blank lines, comments, or duplicate code.
- edge13-hardware-delegate-operator-partitioning.tsx: 31 non-comment code lines (<180 quality warning). Check this topic's key visual processes; add missing implementation, or proceed to rendering and video review if complete. Do not pad with blank lines, comments, or duplicate code.
- edge14-latency-and-energy-measurement-on-device.tsx: 50 non-comment code lines (<180 quality warning). Check this topic's key visual processes; add missing implementation, or proceed to rendering and video review if complete. Do not pad with blank lines, comments, or duplicate code.
- edge15-confidence-threshold-for-edge-classification.tsx: 35 non-comment code lines (<180 quality warning). Check this topic's key visual processes; add missing implementation, or proceed to rendering and video review if complete. Do not pad with blank lines, comments, or duplicate code.
L3 DISTINCTNESS GATE: PASS (15 videos)
L3 QUALITY WARNINGS (non-blocking):
- edge01-edge-inference-pipeline-from-sensor-to-result.tsx: 38 non-comment code lines (<180 quality warning). Check this topic's key visual processes; add missing implementation, or proceed to rendering and video review if complete. Do not pad with blank lines, comments, or duplicate code.
- edge02-quantization-from-float32-to-int8.tsx: 39 non-comment code lines (<180 quality warning). Check this topic's key visual processes; add missing implementation, or proceed to rendering and video review if complete. Do not pad with blank lines, comments, or duplicate code.
- edge03-calibration-dataset-for-post-training-quantization.tsx: 39 non-comment code lines (<180 quality warning). Check this topic's key visual processes; add missing implementation, or proceed to rendering and video review if complete. Do not pad with blank lines, comments, or duplicate code.
- edge04-per-channel-weight-quantization.tsx: 37 non-comment code lines (<180 quality warning). Check this topic's key visual processes; add missing implementation, or proceed to rendering and video review if complete. Do not pad with blank lines, comments, or duplicate code.
- edge05-quantized-multiply-and-accumulate.tsx: 42 non-comment code lines (<180 quality warning). Check this topic's key visual processes; add missing implementation, or proceed to rendering and video review if complete. Do not pad with blank lines, comments, or duplicate code.
- edge06-model-operator-compatibility-check.tsx: 35 non-comment code lines (<180 quality warning). Check this topic's key visual processes; add missing implementation, or proceed to rendering and video review if complete. Do not pad with blank lines, comments, or duplicate code.
- edge07-memory-arena-planning-for-tensor-lifetimes.tsx: 33 non-comment code lines (<180 quality warning). Check this topic's key visual processes; add missing implementation, or proceed to rendering and video review if complete. Do not pad with blank lines, comments, or duplicate code.
- edge08-flash-and-ram-model-footprint.tsx: 33 non-comment code lines (<180 quality warning). Check this topic's key visual processes; add missing implementation, or proceed to rendering and video review if complete. Do not pad with blank lines, comments, or duplicate code.
- edge09-structured-pruning-for-edge-deployment.tsx: 29 non-comment code lines (<180 quality warning). Check this topic's key visual processes; add missing implementation, or proceed to rendering and video review if complete. Do not pad with blank lines, comments, or duplicate code.
- edge10-knowledge-distillation-to-a-small-model.tsx: 32 non-comment code lines (<180 quality warning). Check this topic's key visual processes; add missing implementation, or proceed to rendering and video review if complete. Do not pad with blank lines, comments, or duplicate code.
- edge11-on-device-feature-extraction.tsx: 45 non-comment code lines (<180 quality warning). Check this topic's key visual processes; add missing implementation, or proceed to rendering and video review if complete. Do not pad with blank lines, comments, or duplicate code.
- edge12-streaming-inference-with-sliding-windows.tsx: 39 non-comment code lines (<180 quality warning). Check this topic's key visual processes; add missing implementation, or proceed to rendering and video review if complete. Do not pad with blank lines, comments, or duplicate code.
- edge13-hardware-delegate-operator-partitioning.tsx: 31 non-comment code lines (<180 quality warning). Check this topic's key visual processes; add missing implementation, or proceed to rendering and video review if complete. Do not pad with blank lines, comments, or duplicate code.
- edge14-latency-and-energy-measurement-on-device.tsx: 50 non-comment code lines (<180 quality warning). Check this topic's key visual processes; add missing implementation, or proceed to rendering and video review if complete. Do not pad with blank lines, comments, or duplicate code.
- edge15-confidence-threshold-for-edge-classification.tsx: 35 non-comment code lines (<180 quality warning). Check this topic's key visual processes; add missing implementation, or proceed to rendering and video review if complete. Do not pad with blank lines, comments, or duplicate code.
L3 DISTINCTNESS GATE: PASS (15 videos)
